// Jest Snapshot v1, https://goo.gl/fbAQLP

exports[`Can emit valid declaration 1`] = `
"// This file is automatically generated.
// Please do not change this file!
export const test_mutation_1: any;
export const test_mutation_2: any;
export const test_mutation_3: any;
export const test_query_1: any;
export const test_query_2: any;
export const test_query_3: any;"
`;
